
(D~_5, a), s=+1, n=3: L=2, weights (4,6,8), degree 16; monomials tested: 14
  smallest / next singular value (relative): 5.5e-13 / 2.6e-01   -> one relation iff first tiny, second not
  relation: (+1.0000+0.0000i) x^0 y^0 z^2 + (+1.0000+0.0000i) x^1 y^2 z^0 + (-1.0000-0.0000i) x^2 y^0 z^1
  beta=1.0000+0.0000j, gamma - alpha^2/4 = -0.2500-0.0000j  -> D_5 iff both nonzero; printed term x^(n-1)y present: False

(D~_7, a), s=+1, n=4: L=4, weights (4,10,12), degree 24; monomials tested: 18
  smallest / next singular value (relative): 8.9e-13 / 1.9e-01   -> one relation iff first tiny, second not
  relation: (+1.0000+0.0000i) x^0 y^0 z^2 + (+1.0000-0.0000i) x^1 y^2 z^0 + (+1.0000-0.0000i) x^3 y^0 z^1
  beta=1.0000-0.0000j, gamma - alpha^2/4 = -0.2500+0.0000j  -> D_7 iff both nonzero; printed term x^(n-1)y present: False

(D~_9, a), s=+1, n=5: L=6, weights (4,14,16), degree 32; monomials tested: 22
  smallest / next singular value (relative): 1.2e-08 / 1.3e-01   -> one relation iff first tiny, second not
  relation: (+1.0000+0.0000i) x^0 y^0 z^2 + (+1.0000+0.0000i) x^1 y^2 z^0 + (-1.0000-0.0000i) x^4 y^0 z^1
  beta=1.0000+0.0000j, gamma - alpha^2/4 = -0.2500-0.0000j  -> D_9 iff both nonzero; printed term x^(n-1)y present: False

(D~_4, v), n=3: L=1, weights (4,4,6), degree 12; monomials tested: 13
  smallest / next singular value (relative): 5.3e-14 / 2.6e-01   -> one relation iff first tiny, second not
  relation: (+1.0000+0.0000i) x^0 y^0 z^2 + (+1.0000+0.0000i) x^1 y^2 z^0 + (+1.0000+0.0000i) x^2 y^1 z^0
  beta=1.0000+0.0000j, gamma - alpha^2/(4 beta) = -0.2500-0.0000j  -> D_4 iff both nonzero

(D~_6, v), n=4: L=3, weights (4,8,10), degree 20; monomials tested: 16
  smallest / next singular value (relative): 2.5e-13 / 2.8e-01   -> one relation iff first tiny, second not
  relation: (+1.0000+0.0000i) x^0 y^0 z^2 + (+1.0000+0.0000i) x^1 y^2 z^0 + (-1.0000+0.0000i) x^3 y^1 z^0
  beta=1.0000+0.0000j, gamma - alpha^2/(4 beta) = -0.2500+0.0000j  -> D_6 iff both nonzero

(D~_8, v), n=5: L=5, weights (4,12,14), degree 28; monomials tested: 20
  smallest / next singular value (relative): 8.6e-13 / 1.2e-01   -> one relation iff first tiny, second not
  relation: (+1.0000-0.0000i) x^0 y^0 z^2 + (+1.0000-0.0000i) x^1 y^2 z^0 + (+1.0000+0.0000i) x^4 y^1 z^0
  beta=1.0000-0.0000j, gamma - alpha^2/(4 beta) = -0.2500-0.0000j  -> D_8 iff both nonzero

(D~_5, a), s=-1, n=3: L=2, weights (4,6,8), degree 16; monomials tested: 0
  smallest / next singular value (relative): 0.0e+00 / 0.0e+00   -> one relation iff first tiny, second not
  all invariants vanish: M_delta is a point (as in Pinot)

(D~_7, a), s=-1, n=4: L=4, weights (4,10,12), degree 24; monomials tested: 0
  smallest / next singular value (relative): 0.0e+00 / 0.0e+00   -> one relation iff first tiny, second not
  all invariants vanish: M_delta is a point (as in Pinot)
